###############################################################################
#
# IAR ELF Linker V2.20.1.176 for STM8                     02/Jun/2017  11:26:21
# Copyright 2010-2015 IAR Systems AB.
#
#    Output file  =  
#        D:\MyCloud\Working\ADF7030-1 Program\ADF7030-1 STM8
#        CCA\Debug\Exe\project.out
#    Map file     =  
#        D:\MyCloud\Working\ADF7030-1 Program\ADF7030-1 STM8
#        CCA\Debug\List\project.map
#    Command line =  
#        "D:\MyCloud\Working\ADF7030-1 Program\ADF7030-1 STM8
#        CCA\Debug\Obj\ADF7030_1.o" "D:\MyCloud\Working\ADF7030-1
#        Program\ADF7030-1 STM8 CCA\Debug\Obj\eeprom.o"
#        "D:\MyCloud\Working\ADF7030-1 Program\ADF7030-1 STM8
#        CCA\Debug\Obj\ID_Decode.o" "D:\MyCloud\Working\ADF7030-1
#        Program\ADF7030-1 STM8 CCA\Debug\Obj\Initial.o"
#        "D:\MyCloud\Working\ADF7030-1 Program\ADF7030-1 STM8
#        CCA\Debug\Obj\lcd.o" "D:\MyCloud\Working\ADF7030-1 Program\ADF7030-1
#        STM8 CCA\Debug\Obj\main.o" "D:\MyCloud\Working\ADF7030-1
#        Program\ADF7030-1 STM8 CCA\Debug\Obj\ram.o"
#        "D:\MyCloud\Working\ADF7030-1 Program\ADF7030-1 STM8
#        CCA\Debug\Obj\spi.o" "D:\MyCloud\Working\ADF7030-1 Program\ADF7030-1
#        STM8 CCA\Debug\Obj\stm8l15x_adc.o" "D:\MyCloud\Working\ADF7030-1
#        Program\ADF7030-1 STM8 CCA\Debug\Obj\stm8l15x_aes.o"
#        "D:\MyCloud\Working\ADF7030-1 Program\ADF7030-1 STM8
#        CCA\Debug\Obj\stm8l15x_beep.o" "D:\MyCloud\Working\ADF7030-1
#        Program\ADF7030-1 STM8 CCA\Debug\Obj\stm8l15x_clk.o"
#        "D:\MyCloud\Working\ADF7030-1 Program\ADF7030-1 STM8
#        CCA\Debug\Obj\stm8l15x_comp.o" "D:\MyCloud\Working\ADF7030-1
#        Program\ADF7030-1 STM8 CCA\Debug\Obj\stm8l15x_dac.o"
#        "D:\MyCloud\Working\ADF7030-1 Program\ADF7030-1 STM8
#        CCA\Debug\Obj\stm8l15x_dma.o" "D:\MyCloud\Working\ADF7030-1
#        Program\ADF7030-1 STM8 CCA\Debug\Obj\stm8l15x_exti.o"
#        "D:\MyCloud\Working\ADF7030-1 Program\ADF7030-1 STM8
#        CCA\Debug\Obj\stm8l15x_flash.o" "D:\MyCloud\Working\ADF7030-1
#        Program\ADF7030-1 STM8 CCA\Debug\Obj\stm8l15x_gpio.o"
#        "D:\MyCloud\Working\ADF7030-1 Program\ADF7030-1 STM8
#        CCA\Debug\Obj\stm8l15x_i2c.o" "D:\MyCloud\Working\ADF7030-1
#        Program\ADF7030-1 STM8 CCA\Debug\Obj\stm8l15x_irtim.o"
#        "D:\MyCloud\Working\ADF7030-1 Program\ADF7030-1 STM8
#        CCA\Debug\Obj\stm8l15x_it.o" "D:\MyCloud\Working\ADF7030-1
#        Program\ADF7030-1 STM8 CCA\Debug\Obj\stm8l15x_itc.o"
#        "D:\MyCloud\Working\ADF7030-1 Program\ADF7030-1 STM8
#        CCA\Debug\Obj\stm8l15x_iwdg.o" "D:\MyCloud\Working\ADF7030-1
#        Program\ADF7030-1 STM8 CCA\Debug\Obj\stm8l15x_lcd.o"
#        "D:\MyCloud\Working\ADF7030-1 Program\ADF7030-1 STM8
#        CCA\Debug\Obj\stm8l15x_pwr.o" "D:\MyCloud\Working\ADF7030-1
#        Program\ADF7030-1 STM8 CCA\Debug\Obj\stm8l15x_rst.o"
#        "D:\MyCloud\Working\ADF7030-1 Program\ADF7030-1 STM8
#        CCA\Debug\Obj\stm8l15x_rtc.o" "D:\MyCloud\Working\ADF7030-1
#        Program\ADF7030-1 STM8 CCA\Debug\Obj\stm8l15x_spi.o"
#        "D:\MyCloud\Working\ADF7030-1 Program\ADF7030-1 STM8
#        CCA\Debug\Obj\stm8l15x_syscfg.o" "D:\MyCloud\Working\ADF7030-1
#        Program\ADF7030-1 STM8 CCA\Debug\Obj\stm8l15x_tim1.o"
#        "D:\MyCloud\Working\ADF7030-1 Program\ADF7030-1 STM8
#        CCA\Debug\Obj\stm8l15x_tim2.o" "D:\MyCloud\Working\ADF7030-1
#        Program\ADF7030-1 STM8 CCA\Debug\Obj\stm8l15x_tim3.o"
#        "D:\MyCloud\Working\ADF7030-1 Program\ADF7030-1 STM8
#        CCA\Debug\Obj\stm8l15x_tim4.o" "D:\MyCloud\Working\ADF7030-1
#        Program\ADF7030-1 STM8 CCA\Debug\Obj\stm8l15x_tim5.o"
#        "D:\MyCloud\Working\ADF7030-1 Program\ADF7030-1 STM8
#        CCA\Debug\Obj\stm8l15x_usart.o" "D:\MyCloud\Working\ADF7030-1
#        Program\ADF7030-1 STM8 CCA\Debug\Obj\stm8l15x_wfe.o"
#        "D:\MyCloud\Working\ADF7030-1 Program\ADF7030-1 STM8
#        CCA\Debug\Obj\stm8l15x_wwdg.o" "D:\MyCloud\Working\ADF7030-1
#        Program\ADF7030-1 STM8 CCA\Debug\Obj\Timer.o"
#        "D:\MyCloud\Working\ADF7030-1 Program\ADF7030-1 STM8
#        CCA\Debug\Obj\uart.o" --redirect _Printf=_PrintfSmall --redirect
#        _Scanf=_ScanfSmall -o "D:\MyCloud\Working\ADF7030-1 Program\ADF7030-1
#        STM8 CCA\Debug\Exe\project.out" --map "D:\MyCloud\Working\ADF7030-1
#        Program\ADF7030-1 STM8 CCA\Debug\List\project.map" --config
#        "C:\Program Files (x86)\IAR Systems\Embedded Workbench
#        7.3\stm8\config\lnkstm8l151g4.icf" --config_def _CSTACK_SIZE=0x100
#        --config_def _HEAP_SIZE=0x100 --entry __iar_program_start --debug_lib
#
###############################################################################

*******************************************************************************
*** RUNTIME MODEL ATTRIBUTES
***

__SystemLibrary            = DLib
__code_model               = medium_or_large
__core                     = stm8
__data_model               = medium
__dlib_file_descriptor     = 0
__dlib_full_locale_support = 0
__rt_version               = 4


*******************************************************************************
*** PLACEMENT SUMMARY
***

"A1":  place at start of [0x000000-0x0000ff] { rw section .vregs };
"A2":  place at end of [0x000000-0x0007ff] { block CSTACK };
"P2":  place in [from 0x000000 to 0x0007ff] {
          block HEAP, rw section __DLIB_PERTHREAD, rw section .far.bss,
          rw section .far.data, rw section .far.noinit,
          rw section .far_func.textrw, rw section .huge.bss,
          rw section .huge.data, rw section .huge.noinit,
          rw section .huge_func.textrw, rw section .iar.dynexit,
          rw section .near.bss, rw section .near.data, rw section .near.noinit,
          rw section .near_func.textrw };
"A3":  place at start of [0x008000-0x00bfff] { block INTVEC };
"P3":  place in [from 0x008000 to 0x00bfff] {
          ro section __DLIB_PERTHREAD_init, ro section .far.data_init,
          ro section .far_func.textrw_init, ro section .huge.data_init,
          ro section .huge_func.textrw_init, ro section .iar.init_table,
          ro section .init_array, ro section .near.data_init,
          ro section .near.rodata, ro section .near_func.text,
          ro section .near_func.textrw_init, ro section .tiny.data_init,
          ro section .tiny.rodata_init };
"P4":  place in [from 0x008000 to 0x00bfff] {
          ro section .far.rodata, ro section .far_func.text };

  Section            Kind      Address    Size  Object
  -------            ----      -------    ----  ------
"A1":                                     0x10
  .vregs             uninit   0x000000    0x10  vregs.o [4]
                            - 0x000010    0x10

"P2", part 1 of 3:                       0x400
  .near.bss          zero     0x000010   0x400  ram.o [1]
                            - 0x000410   0x400

"P2", part 2 of 3:                        0x97
  .near.bss          zero     0x000410    0x28  ADF7030_1.o [1]
  .near.bss          zero     0x000438    0x18  ADF7030_1.o [1]
  .near.bss          zero     0x000450    0x10  ram.o [1]
  .near.bss          zero     0x000460    0x10  ram.o [1]
  .near.bss          zero     0x000470     0x4  ADF7030_1.o [1]
  .near.bss          zero     0x000474     0x4  ADF7030_1.o [1]
  .near.bss          zero     0x000478     0x4  ADF7030_1.o [1]
  .near.bss          zero     0x00047c     0x4  ram.o [1]
  .near.bss          zero     0x000480     0x3  rand.o [4]
  .near.bss          zero     0x000483     0x3  rand.o [4]
  .near.bss          zero     0x000486     0x2  ADF7030_1.o [1]
  .near.bss          zero     0x000488     0x2  Initial.o [1]
  .near.bss          zero     0x00048a     0x2  Initial.o [1]
  .near.bss          zero     0x00048c     0x2  main.o [1]
  .near.bss          zero     0x00048e     0x2  ram.o [1]
  .near.bss          zero     0x000490     0x1  ADF7030_1.o [1]
  .near.bss          zero     0x000491     0x1  ADF7030_1.o [1]
  .near.bss          zero     0x000492     0x1  ADF7030_1.o [1]
  .near.bss          zero     0x000493     0x1  ADF7030_1.o [1]
  .near.bss          zero     0x000494     0x1  ADF7030_1.o [1]
  .near.bss          zero     0x000495     0x1  ADF7030_1.o [1]
  .near.bss          zero     0x000496     0x1  ADF7030_1.o [1]
  .near.bss          zero     0x000497     0x1  ADF7030_1.o [1]
  .near.bss          zero     0x000498     0x1  ADF7030_1.o [1]
  .near.bss          zero     0x000499     0x1  ADF7030_1.o [1]
  .near.bss          zero     0x00049a     0x1  ADF7030_1.o [1]
  .near.bss          zero     0x00049b     0x1  ID_Decode.o [1]
  .near.bss          zero     0x00049c     0x1  ID_Decode.o [1]
  .near.bss          zero     0x00049d     0x1  ID_Decode.o [1]
  .near.bss          zero     0x00049e     0x1  ID_Decode.o [1]
  .near.bss          zero     0x00049f     0x1  Initial.o [1]
  .near.bss          zero     0x0004a0     0x1  Initial.o [1]
  .near.bss          zero     0x0004a1     0x1  Initial.o [1]
  .near.bss          zero     0x0004a2     0x1  main.o [1]
  .near.bss          zero     0x0004a3     0x1  ram.o [1]
  .near.bss          zero     0x0004a4     0x1  ram.o [1]
  .near.bss          zero     0x0004a5     0x1  ram.o [1]
  .near.bss          zero     0x0004a6     0x1  rand.o [4]
                            - 0x0004a7    0x97

"P2", part 3 of 3:                       0x195
  P2-1                        0x0004a7   0x195  <Init block>
    .near.data       inited   0x0004a7     0x2  ADF7030_1.o [1]
    .near.data       inited   0x0004a9   0x12c  ADF7030_1.o [1]
    .near.data       inited   0x0005d5     0x1  Initial.o [1]
    .near.data       inited   0x0005d6     0x1  ram.o [1]
    .near.data       inited   0x0005d7     0x1  ram.o [1]
    .near.data       inited   0x0005d8     0xc  ram.o [1]
    .near.data       inited   0x0005e4     0x4  ram.o [1]
    .near.data       inited   0x0005e8    0x48  ram.o [1]
    .near.data       inited   0x000630     0x2  Timer.o [1]
    .near.data       inited   0x000632     0x2  Timer.o [1]
    .near.data       inited   0x000634     0x2  Timer.o [1]
    .near.data       inited   0x000636     0x2  Timer.o [1]
    .near.data       inited   0x000638     0x4  rand.o [4]
                            - 0x00063c   0x195

"A2":                                    0x100
  CSTACK                      0x000700   0x100  <Block>
    CSTACK           uninit   0x000700   0x100  <Block tail>
                            - 0x000800   0x100

Absolute sections, part 1 of 14:          0x14
  .near.noinit       uninit   0x005000     0x1  Initial.o [1]
  .near.noinit       uninit   0x005001     0x1  Initial.o [1]
  .near.noinit       uninit   0x005002     0x1  Initial.o [1]
  .near.noinit       uninit   0x005003     0x1  Initial.o [1]
  .near.noinit       uninit   0x005004     0x1  Initial.o [1]
  .near.noinit       uninit   0x005005     0x1  spi.o [1]
  .near.noinit       uninit   0x005006     0x1  main.o [1]
  .near.noinit       uninit   0x005007     0x1  spi.o [1]
  .near.noinit       uninit   0x005008     0x1  spi.o [1]
  .near.noinit       uninit   0x005009     0x1  spi.o [1]
  .near.noinit       uninit   0x00500a     0x1  main.o [1]
  .near.noinit       uninit   0x00500b     0x1  ID_Decode.o [1]
  .near.noinit       uninit   0x00500c     0x1  Initial.o [1]
  .near.noinit       uninit   0x00500d     0x1  Initial.o [1]
  .near.noinit       uninit   0x00500e     0x1  Initial.o [1]
  .near.noinit       uninit   0x00500f     0x1  lcd.o [1]
  .near.noinit       uninit   0x005010     0x1  Initial.o [1]
  .near.noinit       uninit   0x005011     0x1  Initial.o [1]
  .near.noinit       uninit   0x005012     0x1  Initial.o [1]
  .near.noinit       uninit   0x005013     0x1  Initial.o [1]
                            - 0x005014    0x14

Absolute sections, part 2 of 14:           0x2
  .near.noinit       uninit   0x005050     0x1  eeprom.o [1]
  .near.noinit       uninit   0x005051     0x1  eeprom.o [1]
                            - 0x005052     0x2

Absolute sections, part 3 of 14:           0x1
  .near.noinit       uninit   0x005054     0x1  eeprom.o [1]
                            - 0x005055     0x1

Absolute sections, part 4 of 14:           0x1
  .near.noinit       uninit   0x0050a1     0x1  Initial.o [1]
                            - 0x0050a2     0x1

Absolute sections, part 5 of 14:           0x1
  .near.noinit       uninit   0x0050a3     0x1  ID_Decode.o [1]
                            - 0x0050a4     0x1

Absolute sections, part 6 of 14:           0x1
  .near.noinit       uninit   0x0050c0     0x1  Initial.o [1]
                            - 0x0050c1     0x1

Absolute sections, part 7 of 14:           0x3
  .near.noinit       uninit   0x0050c2     0x1  Initial.o [1]
  .near.noinit       uninit   0x0050c3     0x1  spi.o [1]
  .near.noinit       uninit   0x0050c4     0x1  Initial.o [1]
                            - 0x0050c5     0x3

Absolute sections, part 8 of 14:           0x2
  .near.noinit       uninit   0x0050c8     0x1  Initial.o [1]
  .near.noinit       uninit   0x0050c9     0x1  Initial.o [1]
                            - 0x0050ca     0x2

Absolute sections, part 9 of 14:           0x2
  .near.noinit       uninit   0x0050e0     0x1  Initial.o [1]
  .near.noinit       uninit   0x0050e1     0x1  Initial.o [1]
                            - 0x0050e2     0x2

Absolute sections, part 10 of 14:          0x5
  .near.noinit       uninit   0x005200     0x1  spi.o [1]
  .near.noinit       uninit   0x005201     0x1  spi.o [1]
  .near.noinit       uninit   0x005202     0x1  spi.o [1]
  .near.noinit       uninit   0x005203     0x1  spi.o [1]
  .near.noinit       uninit   0x005204     0x1  spi.o [1]
                            - 0x005205     0x5

Absolute sections, part 11 of 14:          0x8
  .near.noinit       uninit   0x005231     0x1  uart.o [1]
  .near.noinit       uninit   0x005232     0x1  uart.o [1]
  .near.noinit       uninit   0x005233     0x1  uart.o [1]
  .near.noinit       uninit   0x005234     0x1  uart.o [1]
  .near.noinit       uninit   0x005235     0x1  uart.o [1]
  .near.noinit       uninit   0x005236     0x1  uart.o [1]
  .near.noinit       uninit   0x005237     0x1  uart.o [1]
  .near.noinit       uninit   0x005238     0x1  uart.o [1]
                            - 0x005239     0x8

Absolute sections, part 12 of 14:          0x1
  .near.noinit       uninit   0x0052e0     0x1  Timer.o [1]
                            - 0x0052e1     0x1

Absolute sections, part 13 of 14:          0x2
  .near.noinit       uninit   0x0052e4     0x1  Timer.o [1]
  .near.noinit       uninit   0x0052e5     0x1  Timer.o [1]
                            - 0x0052e6     0x2

Absolute sections, part 14 of 14:          0x2
  .near.noinit       uninit   0x0052e8     0x1  Timer.o [1]
  .near.noinit       uninit   0x0052e9     0x1  Timer.o [1]
                            - 0x0052ea     0x2

"A3":                                     0x80
  INTVEC                      0x008000    0x80  <Block>
    .intvec          const    0x008000    0x80  interrupt.o [4]
                            - 0x008080    0x80

"P3":                                    0xcc0
  .near.rodata       const    0x008080   0x2a0  lcd.o [1]
  .near.rodata       const    0x008320   0x1ef  lcd.o [1]
  Initializer bytes  const    0x00850f   0x195  <for P2-1>
  .near.rodata       const    0x0086a4   0x168  lcd.o [1]
  .near.rodata       const    0x00880c   0x120  lcd.o [1]
  .near.rodata       const    0x00892c   0x118  lcd.o [1]
  .near.rodata       const    0x008a44   0x108  ram.o [1]
  .near.rodata       const    0x008b4c    0x6c  ram.o [1]
  .near.rodata       const    0x008bb8    0x2c  lcd.o [1]
  .iar.init_table    const    0x008be4    0x18  - Linker created -
  .near.rodata       const    0x008bfc    0x20  ram.o [1]
  .near.rodata       const    0x008c1c    0x20  ram.o [1]
  .near.rodata       const    0x008c3c    0x1c  ram.o [1]
  .near.rodata       const    0x008c58    0x18  ram.o [1]
  .near.rodata       const    0x008c70    0x18  ram.o [1]
  .near.rodata       const    0x008c88    0x18  ram.o [1]
  .near.rodata       const    0x008ca0    0x14  ram.o [1]
  .near.rodata       const    0x008cb4    0x14  ram.o [1]
  .near.rodata       const    0x008cc8    0x10  ram.o [1]
  .near.rodata       const    0x008cd8    0x10  ram.o [1]
  .near.rodata       const    0x008ce8     0xc  ram.o [1]
  .near.rodata       const    0x008cf4     0x8  ADF7030_1.o [1]
  .near.rodata       const    0x008cfc     0x8  ADF7030_1.o [1]
  .near.rodata       const    0x008d04     0x7  xprintfsmall.o [4]
  .near.rodata       const    0x008d0b     0x6  ADF7030_1.o [1]
  .near.rodata       const    0x008d11     0x6  lcd.o [1]
  .near.rodata       const    0x008d17     0x6  lcd.o [1]
  .near.rodata       const    0x008d1d     0x6  lcd.o [1]
  .near.rodata       const    0x008d23     0x5  ADF7030_1.o [1]
  .near.rodata       const    0x008d28     0x5  ram.o [1]
  .near.rodata       const    0x008d2d     0x4  Initial.o [1]
  .near.rodata       const    0x008d31     0x4  ram.o [1]
  .near.rodata       const    0x008d35     0x4  ram.o [1]
  .near.rodata       const    0x008d39     0x4  ram.o [1]
  .near.rodata       const    0x008d3d     0x3  eeprom.o [1]
                            - 0x008d40   0xcc0

"P4":                                   0x3289
  .far_func.text     ro code  0x008d40   0x7ea  lcd.o [1]
  .far_func.text     ro code  0x00952a   0x691  ADF7030_1.o [1]
  .far_func.text     ro code  0x009bbb   0x5da  ADF7030_1.o [1]
  .far_func.text     ro code  0x00a195   0x409  xprintfsmall.o [4]
  .far_func.text     ro code  0x00a59e   0x3ef  ADF7030_1.o [1]
  .far_func.text     ro code  0x00a98d   0x1d9  ID_Decode.o [1]
  .far_func.text     ro code  0x00ab66   0x1c4  long.o [4]
  .far_func.text     ro code  0x00ad2a   0x195  eeprom.o [1]
  .far_func.text     ro code  0x00aebf   0x190  vreg_util.o [4]
  .far_func.text     ro code  0x00b04f   0x17f  xprintfsmall.o [4]
  .far_func.text     ro code  0x00b1ce   0x175  Initial.o [1]
  .far_func.text     ro code  0x00b343   0x122  Initial.o [1]
  .far_func.text     ro code  0x00b465   0x121  Initial.o [1]
  .far_func.text     ro code  0x00b586   0x110  main.o [1]
  .far_func.text     ro code  0x00b696    0x95  lcd.o [1]
  .far_func.text     ro code  0x00b72b    0x90  Initial.o [1]
  .far_func.text     ro code  0x00b7bb    0x81  ID_Decode.o [1]
  .far_func.text     ro code  0x00b83c    0x81  spi.o [1]
  .far_func.text     ro code  0x00b8bd    0x75  spi.o [1]
  .far_func.text     ro code  0x00b932    0x72  long_util.o [4]
  .far_func.text     ro code  0x00b9a4    0x51  Timer.o [1]
  .far_func.text     ro code  0x00b9f5    0x51  uart.o [1]
  .far_func.text     ro code  0x00ba46    0x49  lcd.o [1]
  .far_func.text     ro code  0x00ba8f    0x47  short.o [4]
  .far_func.text     ro code  0x00bad6    0x47  xprintfsmall.o [4]
  .far_func.text     ro code  0x00bb1d    0x45  sprintf.o [4]
  .far_func.text     ro code  0x00bb62    0x40  srand.o [4]
  .far_func.text     ro code  0x00bba2    0x3d  xprintfsmall.o [4]
  .far_func.text     ro code  0x00bbdf    0x3b  xprintfsmall.o [4]
  .far_func.text     ro code  0x00bc1a    0x3a  lcd.o [1]
  .far_func.text     ro code  0x00bc54    0x3a  lcd.o [1]
  .far_func.text     ro code  0x00bc8e    0x2e  Initial.o [1]
  .far_func.text     ro code  0x00bcbc    0x2e  xprintfsmall.o [4]
  .far_func.text     ro code  0x00bcea    0x2c  dc_util.o [4]
  .far_func.text     ro code  0x00bd16    0x28  far_util.o [4]
  .far_func.text     ro code  0x00bd3e    0x28  init_small.o [4]
  .far_func.text     ro code  0x00bd66    0x1e  init.o [4]
  .far_func.text     ro code  0x00bd84    0x1e  init_small.o [4]
  .far_func.text     ro code  0x00bda2    0x1d  uart.o [1]
  .far_func.text     ro code  0x00bdbf    0x1b  lcd.o [1]
  .far_func.text     ro code  0x00bdda    0x1b  spi.o [1]
  .far_func.text     ro code  0x00bdf5    0x1b  stm8l15x_it.o [1]
  .far_func.text     ro code  0x00be10    0x1b  stm8l15x_it.o [1]
  .far_func.text     ro code  0x00be2b    0x1b  stm8l15x_it.o [1]
  .far_func.text     ro code  0x00be46    0x18  time.o [4]
  .far_func.text     ro code  0x00be5e    0x18  memchr.o [4]
  .far_func.text     ro code  0x00be76    0x17  cstartup.o [4]
  .far_func.text     ro code  0x00be8d    0x16  __dbg_xxexit.o [3]
  .far_func.text     ro code  0x00bea3    0x15  xprintfsmall.o [4]
  .far_func.text     ro code  0x00beb8    0x15  strchr.o [4]
  .far_func.text     ro code  0x00becd    0x14  Initial.o [1]
  .far_func.text     ro code  0x00bee1    0x12  strlen.o [4]
  .far_func.text     ro code  0x00bef3    0x11  eeprom.o [1]
  .far_func.text     ro code  0x00bf04    0x11  Initial.o [1]
  .far_func.text     ro code  0x00bf15    0x11  Timer.o [1]
  .far_func.text     ro code  0x00bf26    0x10  xprintfsmall.o [4]
  .far_func.text     ro code  0x00bf36     0xe  xsprout.o [4]
  .far_func.text     ro code  0x00bf44     0xd  move.o [4]
  .far_func.text     ro code  0x00bf51     0xc  srand.o [4]
  .far_func.text     ro code  0x00bf5d     0xc  xprintfsmall.o [4]
  .far_func.text     ro code  0x00bf69     0xa  far.o [4]
  .far_func.text     ro code  0x00bf73     0x8  xprintfsmall.o [4]
  .far_func.text     ro code  0x00bf7b     0x6  spi.o [1]
  .far_func.text     ro code  0x00bf81     0x6  char.o [4]
  .far_func.text     ro code  0x00bf87     0x6  xprintfsmall.o [4]
  .far_func.text     ro code  0x00bf8d     0x6  cexit.o [4]
  .far_func.text     ro code  0x00bf93     0x5  eeprom.o [1]
  .far_func.text     ro code  0x00bf98     0x5  Initial.o [1]
  .far_func.text     ro code  0x00bf9d     0x4  interrupt.o [4]
  .far_func.text     ro code  0x00bfa1     0x4  exit.o [4]
  .far_func.text     ro code  0x00bfa5     0x3  low_level_init.o [4]
  .far_func.text     ro code  0x00bfa8     0x3  unhandled_exception.o [4]
  .far_func.text     ro code  0x00bfab     0x1  ID_Decode.o [1]
  .far_func.text     ro code  0x00bfac     0x1  Initial.o [1]
  .far_func.text     ro code  0x00bfad     0x1  stm8l15x_it.o [1]
  .far_func.text     ro code  0x00bfae     0x1  stm8l15x_it.o [1]
  .far_func.text     ro code  0x00bfaf     0x1  stm8l15x_it.o [1]
  .far_func.text     ro code  0x00bfb0     0x1  stm8l15x_it.o [1]
  .far_func.text     ro code  0x00bfb1     0x1  stm8l15x_it.o [1]
  .far_func.text     ro code  0x00bfb2     0x1  stm8l15x_it.o [1]
  .far_func.text     ro code  0x00bfb3     0x1  stm8l15x_it.o [1]
  .far_func.text     ro code  0x00bfb4     0x1  stm8l15x_it.o [1]
  .far_func.text     ro code  0x00bfb5     0x1  stm8l15x_it.o [1]
  .far_func.text     ro code  0x00bfb6     0x1  stm8l15x_it.o [1]
  .far_func.text     ro code  0x00bfb7     0x1  stm8l15x_it.o [1]
  .far_func.text     ro code  0x00bfb8     0x1  stm8l15x_it.o [1]
  .far_func.text     ro code  0x00bfb9     0x1  stm8l15x_it.o [1]
  .far_func.text     ro code  0x00bfba     0x1  stm8l15x_it.o [1]
  .far_func.text     ro code  0x00bfbb     0x1  stm8l15x_it.o [1]
  .far_func.text     ro code  0x00bfbc     0x1  stm8l15x_it.o [1]
  .far_func.text     ro code  0x00bfbd     0x1  stm8l15x_it.o [1]
  .far_func.text     ro code  0x00bfbe     0x1  stm8l15x_it.o [1]
  .far_func.text     ro code  0x00bfbf     0x1  stm8l15x_it.o [1]
  .far_func.text     ro code  0x00bfc0     0x1  stm8l15x_it.o [1]
  .far_func.text     ro code  0x00bfc1     0x1  stm8l15x_it.o [1]
  .far_func.text     ro code  0x00bfc2     0x1  stm8l15x_it.o [1]
  .far_func.text     ro code  0x00bfc3     0x1  stm8l15x_it.o [1]
  .far_func.text     ro code  0x00bfc4     0x1  stm8l15x_it.o [1]
  .far_func.text     ro code  0x00bfc5     0x1  stm8l15x_it.o [1]
  .far_func.text     ro code  0x00bfc6     0x1  stm8l15x_it.o [1]
  .far_func.text     ro code  0x00bfc7     0x1  stm8l15x_it.o [1]
  .far_func.text     ro code  0x00bfc8     0x1  __dbg_break.o [3]
                            - 0x00bfc9  0x3289


*******************************************************************************
*** INIT TABLE
***

          Address   Size
          -------   ----
Zero (__iar_zero_init2)
    2 destination ranges, total size 0x497:
          0x000010  0x400
          0x000410   0x97

Copy (__iar_copy_init2)
    1 source range, total size 0x195:
          0x00850f  0x195
    1 destination range, total size 0x195:
          0x0004a7  0x195



*******************************************************************************
*** MODULE SUMMARY
***

    Module                 ro code  ro data  rw data  rw data
                                                       (abs)
    ------                 -------  -------  -------  -------
D:\MyCloud\Working\ADF7030-1 Program\ADF7030-1 STM8 CCA\Debug\Obj: [1]
    ADF7030_1.o              4 186      329      391
    ID_Decode.o                603                 4        2
    Initial.o                1 185        5        8       20
    Timer.o                     98        8        8        5
    eeprom.o                   427        3                 3
    lcd.o                    2 391    2 157                 1
    main.o                     272                 3        2
    ram.o                               727    1 155
    spi.o                      279                         10
    stm8l15x_it.o              108
    uart.o                     110                          8
    ---------------------------------------------------------
    Total:                   9 659    3 229    1 569       51

command line: [2]
    ---------------------------------------------------------
    Total:

dbgstm8mmd.a: [3]
    __dbg_break.o                1
    __dbg_xxexit.o              22
    ---------------------------------------------------------
    Total:                      23

dlstm8mmn.a: [4]
    cexit.o                      6
    char.o                       6
    cstartup.o                  23
    dc_util.o                   44
    exit.o                       4
    far.o                       10
    far_util.o                  40
    init.o                      30
    init_small.o                70
    interrupt.o                  4      128
    long.o                     452
    long_util.o                114
    low_level_init.o             3
    memchr.o                    24
    move.o                      13
    rand.o                                4       11
    short.o                     71
    sprintf.o                   69
    srand.o                     76
    strchr.o                    21
    strlen.o                    18
    time.o                      24
    unhandled_exception.o        3
    vreg_util.o                400
    vregs.o                                       16
    xprintfsmall.o           1 716        7
    xsprout.o                   14
    ---------------------------------------------------------
    Total:                   3 255      139       27

    Linker created                       24      256
-------------------------------------------------------------
    Grand Total:            12 937    3 392    1 852       51


*******************************************************************************
*** ENTRY LIST
***

Entry                    Address   Size  Type      Object
-----                    -------   ----  ----      ------
.iar.init_table$$Base   0x008be4          --   Gb  - Linker created -
.iar.init_table$$Limit  0x008bfc          --   Gb  - Linker created -
?add32_l0_l0_0x         0x00ab8c         Code  Gb  long.o [4]
?add32_l0_l0_l1         0x00ab89         Code  Gb  long.o [4]
?and32_l0_l0_0x         0x00aca5         Code  Gb  long.o [4]
?and32_l0_l0_l1         0x00aca2         Code  Gb  long.o [4]
?b0                     0x000000         Data  Gb  vregs.o [4]
?b1                     0x000001         Data  Gb  vregs.o [4]
?b10                    0x00000a         Data  Gb  vregs.o [4]
?b11                    0x00000b         Data  Gb  vregs.o [4]
?b12                    0x00000c         Data  Gb  vregs.o [4]
?b13                    0x00000d         Data  Gb  vregs.o [4]
?b14                    0x00000e         Data  Gb  vregs.o [4]
?b15                    0x00000f         Data  Gb  vregs.o [4]
?b2                     0x000002         Data  Gb  vregs.o [4]
?b3                     0x000003         Data  Gb  vregs.o [4]
?b4                     0x000004         Data  Gb  vregs.o [4]
?b5                     0x000005         Data  Gb  vregs.o [4]
?b6                     0x000006         Data  Gb  vregs.o [4]
?b7                     0x000007         Data  Gb  vregs.o [4]
?b8                     0x000008         Data  Gb  vregs.o [4]
?b9                     0x000009         Data  Gb  vregs.o [4]
?dc32_l1                0x00bcea         Code  Gb  dc_util.o [4]
?e0                     0x000001         Data  Gb  vregs.o [4]
?e1                     0x000005         Data  Gb  vregs.o [4]
?e2                     0x000009         Data  Gb  vregs.o [4]
?e3                     0x00000d         Data  Gb  vregs.o [4]
?epilogue_l2            0x00afc6         Code  Gb  vreg_util.o [4]
?epilogue_l2_l3         0x00afc2         Code  Gb  vreg_util.o [4]
?epilogue_l2_w6         0x00afcb         Code  Gb  vreg_util.o [4]
?epilogue_w4            0x00afd4         Code  Gb  vreg_util.o [4]
?inc32_0x_0x            0x00ab7b         Code  Gb  long.o [4]
?inc32_l0_l0            0x00ab76         Code  Gb  long.o [4]
?l0                     0x000000         Data  Gb  vregs.o [4]
?l1                     0x000004         Data  Gb  vregs.o [4]
?l2                     0x000008         Data  Gb  vregs.o [4]
?l3                     0x00000c         Data  Gb  vregs.o [4]
?load24_e0_0x           0x00bd22         Code  Gb  far_util.o [4]
?load24_e0_asp          0x00bd16         Code  Gb  far_util.o [4]
?load24_e0_xsp          0x00bd18         Code  Gb  far_util.o [4]
?load24_e1_0x           0x00bd30         Code  Gb  far_util.o [4]
?load32_0x_l0           0x00b97a         Code  Gb  long_util.o [4]
?load32_0x_l1           0x00b988         Code  Gb  long_util.o [4]
?load32_0x_l2           0x00b996         Code  Gb  long_util.o [4]
?load32_l0_0x           0x00b94c         Code  Gb  long_util.o [4]
?load32_l0_asp          0x00b940         Code  Gb  long_util.o [4]
?load32_l0_dbsp         0x00b932         Code  Gb  long_util.o [4]
?load32_l0_xsp          0x00b942         Code  Gb  long_util.o [4]
?load32_l1_0x           0x00b958         Code  Gb  long_util.o [4]
?load32_l2_0x           0x00b964         Code  Gb  long_util.o [4]
?load32_xsp_l0          0x00b970         Code  Gb  long_util.o [4]
?mov_e0_e1              0x00afea         Code  Gb  vreg_util.o [4]
?mov_e0_e2              0x00aff7         Code  Gb  vreg_util.o [4]
?mov_e0_e3              0x00b004         Code  Gb  vreg_util.o [4]
?mov_e1_e0              0x00b011         Code  Gb  vreg_util.o [4]
?mov_e1_e2              0x00b01e         Code  Gb  vreg_util.o [4]
?mov_e1_e3              0x00b02b         Code  Gb  vreg_util.o [4]
?mov_e2_e0              0x00b038         Code  Gb  vreg_util.o [4]
?mov_e3_e0              0x00b045         Code  Gb  vreg_util.o [4]
?mov_l0_l1              0x00afe7         Code  Gb  vreg_util.o [4]
?mov_l0_l2              0x00aff4         Code  Gb  vreg_util.o [4]
?mov_l0_l3              0x00b001         Code  Gb  vreg_util.o [4]
?mov_l1_l0              0x00b00e         Code  Gb  vreg_util.o [4]
?mov_l1_l2              0x00b01b         Code  Gb  vreg_util.o [4]
?mov_l1_l3              0x00b028         Code  Gb  vreg_util.o [4]
?mov_l2_l0              0x00b035         Code  Gb  vreg_util.o [4]
?mov_l3_l0              0x00b042         Code  Gb  vreg_util.o [4]
?mov_w0_w5              0x00afd9         Code  Gb  vreg_util.o [4]
?mov_w1_w3              0x00afed         Code  Gb  vreg_util.o [4]
?mov_w1_w5              0x00affa         Code  Gb  vreg_util.o [4]
?mov_w1_w7              0x00b007         Code  Gb  vreg_util.o [4]
?mov_w3_w1              0x00b014         Code  Gb  vreg_util.o [4]
?mov_w3_w5              0x00b021         Code  Gb  vreg_util.o [4]
?mov_w3_w7              0x00b02e         Code  Gb  vreg_util.o [4]
?mov_w4_w0              0x00afe0         Code  Gb  vreg_util.o [4]
?mov_w5_w1              0x00b03b         Code  Gb  vreg_util.o [4]
?mov_w7_w1              0x00b048         Code  Gb  vreg_util.o [4]
?move1616_v_x_y_a       0x00bf44         Code  Gb  move.o [4]
?mul16_x_x_w0           0x00ba8f         Code  Gb  short.o [4]
?mul32_l0_l0_l1         0x00aba4         Code  Gb  long.o [4]
?neg32_l0_l0            0x00ab66         Code  Gb  long.o [4]
?not32_l0_l0            0x00ac99         Code  Gb  long.o [4]
?or32_l0_l0_0x          0x00acc0         Code  Gb  long.o [4]
?or32_l0_l0_l1          0x00acbd         Code  Gb  long.o [4]
?pop_e2                 0x00af37         Code  Gb  vreg_util.o [4]
?pop_l0                 0x00af8a         Code  Gb  vreg_util.o [4]
?pop_l1                 0x00af95         Code  Gb  vreg_util.o [4]
?pop_l2                 0x00afa0         Code  Gb  vreg_util.o [4]
?pop_l3                 0x00afab         Code  Gb  vreg_util.o [4]
?pop_w4                 0x00aee5         Code  Gb  vreg_util.o [4]
?pop_w6                 0x00aeec         Code  Gb  vreg_util.o [4]
?push_e0                0x00aeff         Code  Gb  vreg_util.o [4]
?push_e2                0x00af1b         Code  Gb  vreg_util.o [4]
?push_l0                0x00af55         Code  Gb  vreg_util.o [4]
?push_l1                0x00af5a         Code  Gb  vreg_util.o [4]
?push_l2                0x00af5f         Code  Gb  vreg_util.o [4]
?push_l3                0x00af64         Code  Gb  vreg_util.o [4]
?push_w2                0x00aebf         Code  Gb  vreg_util.o [4]
?push_w4                0x00aec4         Code  Gb  vreg_util.o [4]
?push_w6                0x00aec9         Code  Gb  vreg_util.o [4]
?sdiv16_x_x_y           0x00baad         Code  Gb  short.o [4]
?sext32_l0_a            0x00ad1d         Code  Gb  long.o [4]
?sext32_l0_x            0x00ad12         Code  Gb  long.o [4]
?sll16_x_x_a            0x00bac6         Code  Gb  short.o [4]
?sll32_0x_0x_a          0x00acf3         Code  Gb  long.o [4]
?sll32_l0_l0_a          0x00acf0         Code  Gb  long.o [4]
?srl16_x_x_a            0x00bace         Code  Gb  short.o [4]
?srl32_0x_0x_a          0x00ad04         Code  Gb  long.o [4]
?srl32_l0_l0_a          0x00ad01         Code  Gb  long.o [4]
?srl8_a_a_5             0x00bf82         Code  Gb  char.o [4]
?srl8_a_a_6             0x00bf81         Code  Gb  char.o [4]
?ucmp24_c_0x_e0         0x00bf69         Code  Gb  far.o [4]
?udiv32_l0_l0_dl        0x00ac28         Code  Gb  long.o [4]
?udiv32_l0_l0_l1        0x00ac2c         Code  Gb  long.o [4]
?umod32_l1_l0_dl        0x00ac22         Code  Gb  long.o [4]
?umod32_l1_l0_l1        0x00ac2c         Code  Gb  long.o [4]
?w0                     0x000000         Data  Gb  vregs.o [4]
?w1                     0x000002         Data  Gb  vregs.o [4]
?w2                     0x000004         Data  Gb  vregs.o [4]
?w3                     0x000006         Data  Gb  vregs.o [4]
?w4                     0x000008         Data  Gb  vregs.o [4]
?w5                     0x00000a         Data  Gb  vregs.o [4]
?w6                     0x00000c         Data  Gb  vregs.o [4]
?w7                     0x00000e         Data  Gb  vregs.o [4]
?xor32_l0_l0_0x         0x00acd8         Code  Gb  long.o [4]
ADC1_COMP_IRQHandler    0x00bfbe    0x1  Code  Gb  stm8l15x_it.o [1]
ADF7030Init             0x00995c   0x54  Code  Gb  ADF7030_1.o [1]
ADF7030_CCA_FROM_POWEROFF
                        0x00a59e   0xca  Code  Gb  ADF7030_1.o [1]
ADF7030_CHANGE_STATE    0x0095bc   0x1a  Code  Gb  ADF7030_1.o [1]
ADF7030_FIXED_DATA      0x0095d6   0x20  Code  Gb  ADF7030_1.o [1]
ADF7030_GET_FW_STATE    0x009a7e   0x38  Code  Gb  ADF7030_1.o [1]
ADF7030_GET_MISC_FW     0x009ab6   0x34  Code  Gb  ADF7030_1.o [1]
ADF7030_GPIO_INIT       0x00b465   0x3d  Code  Gb  Initial.o [1]
ADF7030_READ_REGISTER_NOPOINTER_LONGADDR
                        0x0099b0   0x9f  Code  Gb  ADF7030_1.o [1]
ADF7030_RECEIVING_FROM_POWEROFF
                        0x00960e   0x74  Code  Gb  ADF7030_1.o [1]
ADF7030_RESIGER_VALUE_READ
                        0x000470    0x4  Data  Gb  ADF7030_1.o [1]
ADF7030_REST_Cache      0x000490    0x1  Data  Gb  ADF7030_1.o [1]
ADF7030_Read_OneByte    0x000491    0x1  Data  Gb  ADF7030_1.o [1]
ADF7030_TRANSMITTING_FROM_POWEROFF
                        0x009aea   0xd1  Code  Gb  ADF7030_1.o [1]
ADF7030_WRITE_REGISTER_NOPOINTER_LONGADDR
                        0x00953e   0x7e  Code  Gb  ADF7030_1.o [1]
ADF7030_WRITE_REGISTER_NOPOINTER_LONGADDR_MSB
                        0x009682   0x44  Code  Gb  ADF7030_1.o [1]
ADF7030_WRITING_PROFILE_FROM_POWERON
                        0x0096c6  0x296  Code  Gb  ADF7030_1.o [1]
BREState                0x000495    0x1  Data  Gb  ADF7030_1.o [1]
CCA_READBACK_Cache      0x000474    0x4  Data  Gb  ADF7030_1.o [1]
CG2214M6_GPIO_Init      0x00b503   0x19  Code  Gb  Initial.o [1]
CLK_SWR                 0x0050c8    0x1  Data  Gb  Initial.o [1]
CONST_ANAFILT_LUTS_2000060C
                        0x008c58   0x18  Data  Gb  ram.o [1]
CONST_ANAFILT_LUTS_20000624
                        0x008c70   0x18  Data  Gb  ram.o [1]
CONST_ANAFILT_LUTS_2000063C
                        0x008c88   0x18  Data  Gb  ram.o [1]
CONST_DATA_PROFILE_200002E4
                        0x008a44  0x108  Data  Gb  ram.o [1]
CONST_DIGFILT2_LUTS_20000794
                        0x008ca0   0x14  Data  Gb  ram.o [1]
CONST_DIGFILT2_LUTS_200007A8
                        0x008cb4   0x14  Data  Gb  ram.o [1]
CONST_DIGFILT_LUTS_200006B4
                        0x008bfc   0x20  Data  Gb  ram.o [1]
CONST_DIGFILT_LUTS_200006D4
                        0x008c1c   0x20  Data  Gb  ram.o [1]
CONST_GENRIC_PACKET_200004F4
                        0x008b4c   0x6c  Data  Gb  ram.o [1]
CONST_IRQ0_OUT_40003808
                        0x008d35    0x4  Data  Gb  ram.o [1]
CONST_IRQ1_OUT_4000380C
                        0x008d39    0x4  Data  Gb  ram.o [1]
CONST_OPEN_20000AF0     0x008ce8    0xc  Data  Gb  ram.o [1]
CONST_RSSICFG_LUTS_20000864
                        0x008c3c   0x1c  Data  Gb  ram.o [1]
CONST_TXPACKET_DATA_20000AF0
                        0x0005d8    0xc  Data  Gb  ram.o [1]
CONST_UNKNOWN1_200000C0
                        0x008d31    0x4  Data  Gb  ram.o [1]
CONST_UNKNOWN2_40003E04
                        0x008cc8   0x10  Data  Gb  ram.o [1]
CONST_UNKNOWN3_20000AE0
                        0x008cd8   0x10  Data  Gb  ram.o [1]
CSTACK$$Base            0x000700          --   Gb  - Linker created -
CSTACK$$Limit           0x000800          --   Gb  - Linker created -
ClearWDT                0x00bf98    0x5  Code  Gb  Initial.o [1]
Count_key_SW3           0x0004a5    0x1  Data  Gb  ram.o [1]
DATA_Packet_Contro_buf  0x000494    0x1  Data  Gb  ADF7030_1.o [1]
DATA_Packet_ID          0x000478    0x4  Data  Gb  ADF7030_1.o [1]
DELAY_30U               0x00952a   0x14  Code  Gb  ADF7030_1.o [1]
DMA1_CHANNEL0_1_IRQHandler
                        0x00bfaf    0x1  Code  Gb  stm8l15x_it.o [1]
DMA1_CHANNEL2_3_IRQHandler
                        0x00bfb0    0x1  Code  Gb  stm8l15x_it.o [1]
DataReceive             0x00b7bb   0x81  Code  Gb  ID_Decode.o [1]
Delayus                 0x00becd   0x14  Code  Gb  Initial.o [1]
Display_key_SW3         0x0005d6    0x1  Data  Gb  ram.o [1]
EXIT_init               0x00bfab    0x1  Code  Gb  ID_Decode.o [1]
EXTI0_IRQHandler        0x00bfb5    0x1  Code  Gb  stm8l15x_it.o [1]
EXTI1_IRQHandler        0x00bfb6    0x1  Code  Gb  stm8l15x_it.o [1]
EXTI2_IRQHandler        0x00bfb7    0x1  Code  Gb  stm8l15x_it.o [1]
EXTI3_IRQHandler        0x00bfb8    0x1  Code  Gb  stm8l15x_it.o [1]
EXTI4_IRQHandler        0x00bdf5   0x1b  Code  Gb  stm8l15x_it.o [1]
EXTI5_IRQHandler        0x00bfb9    0x1  Code  Gb  stm8l15x_it.o [1]
EXTI6_IRQHandler        0x00bfba    0x1  Code  Gb  stm8l15x_it.o [1]
EXTI7_IRQHandler        0x00bfbb    0x1  Code  Gb  stm8l15x_it.o [1]
EXTIB_G_IRQHandler      0x00bfb3    0x1  Code  Gb  stm8l15x_it.o [1]
EXTID_H_IRQHandler      0x00bfb4    0x1  Code  Gb  stm8l15x_it.o [1]
EXTIE_F_PVD_IRQHandler  0x00bfb2    0x1  Code  Gb  stm8l15x_it.o [1]
ErrStateTimeer          0x000634    0x2  Data  Gb  Timer.o [1]
FLAG0                   0x00049b    0x1  Data  Gb  ID_Decode.o [1]
FLAG_SW10               0x0004a2    0x1  Data  Gb  main.o [1]
FLAG_test1              0x0004a3    0x1  Data  Gb  ram.o [1]
FLASH_IRQHandler        0x00bfae    0x1  Code  Gb  stm8l15x_it.o [1]
FilterChar              0x0004a7    0x2  Data  Gb  ADF7030_1.o [1]
FlagLCDUpdate           0x0005d7    0x1  Data  Gb  ram.o [1]
GENERIC_PKT_TEST_MODES0_32bit_20000548
                        0x00047c    0x4  Data  Gb  ram.o [1]
GET_STATUE_BYTE         0x009a4f   0x2f  Code  Gb  ADF7030_1.o [1]
Head_0x5515_or_0x5456   0x000486    0x2  Data  Gb  ADF7030_1.o [1]
I2C1_SPI2_IRQHandler    0x00bfc7    0x1  Code  Gb  stm8l15x_it.o [1]
ID_DATA_PCS             0x00048e    0x2  Data  Gb  ram.o [1]
ID_Receiver_DATA        0x000010  0x400  Data  Gb  ram.o [1]
INTVEC$$Base            0x008000          --   Gb  - Linker created -
INTVEC$$Limit           0x008080          --   Gb  - Linker created -
InitialFlashReg         0x00bef3   0x11  Code  Gb  eeprom.o [1]
KEY_COUNT               0x00048c    0x2  Data  Gb  main.o [1]
KEY_GPIO_Init           0x00b51c   0x25  Code  Gb  Initial.o [1]
KEY_SCAN                0x00b72b   0x90  Code  Gb  Initial.o [1]
LCDTestDisplay          0x008e2c  0x37c  Code  Gb  lcd.o [1]
LCD_AES_IRQHandler      0x00bfbc    0x1  Code  Gb  stm8l15x_it.o [1]
LCD_GPIO_Init           0x00b4a2   0x61  Code  Gb  Initial.o [1]
LEDCtr                  0x00b343  0x122  Code  Gb  Initial.o [1]
LED_GPIO_Init           0x00b541   0x19  Code  Gb  Initial.o [1]
LedREDTimer             0x000630    0x2  Data  Gb  Timer.o [1]
LedYELLOWTimer          0x000632    0x2  Data  Gb  Timer.o [1]
LoadInt                 0x00bad6   0x47  Code  Lc  xprintfsmall.o [4]
PA_POWER_OUT            0x0005e8   0x48  Data  Gb  ram.o [1]
RADIO_DIG_TX_CFG0_32bit_20000304
                        0x0005e4    0x4  Data  Gb  ram.o [1]
RAM_clean               0x00bfac    0x1  Code  Gb  Initial.o [1]
RF_BRE_Check            0x00b1ce  0x175  Code  Gb  Initial.o [1]
RTC_CSSLSE_IRQHandler   0x00bfb1    0x1  Code  Gb  stm8l15x_it.o [1]
RX_ANALYSIS             0x00a668    0x5  Code  Gb  ADF7030_1.o [1]
RX_COUNT                0x000492    0x1  Data  Gb  ADF7030_1.o [1]
Radio_State             0x000493    0x1  Data  Gb  ADF7030_1.o [1]
ReadByteEEPROM          0x00bf93    0x5  Code  Gb  eeprom.o [1]
RedLedFalg              0x0004a0    0x1  Data  Gb  Initial.o [1]
Region$$Table$$Base     0x008be4          --   Gb  - Linker created -
Region$$Table$$Limit    0x008bfc          --   Gb  - Linker created -
SCAN_RECEIVE_PACKET     0x00a66d  0x163  Code  Gb  ADF7030_1.o [1]
SIO_DATA                0x000460   0x10  Data  Gb  ram.o [1]
SIO_buff                0x000450   0x10  Data  Gb  ram.o [1]
SIO_cnt                 0x0004a4    0x1  Data  Gb  ram.o [1]
SPI1_DR                 0x005204    0x1  Data  Gb  spi.o [1]
SPI1_IRQHandler         0x00bfc5    0x1  Code  Gb  stm8l15x_it.o [1]
SPI_RECEIVE_BUFF        0x000410   0x28  Data  Gb  ADF7030_1.o [1]
SPI_Receive_DataForC    0x000438   0x18  Data  Gb  ADF7030_1.o [1]
SPI_SEND_BUFF           0x0004a9  0x12c  Data  Gb  ADF7030_1.o [1]
SPI_SendByte            0x00bdda   0x1b  Code  Gb  spi.o [1]
SPI_SendString          0x00b83c   0x81  Code  Gb  spi.o [1]
SPI_conf                0x00b8bd   0x75  Code  Gb  spi.o [1]
SWITCH_CSS_BREAK_DAC_IRQHandler
                        0x00bfbd    0x1  Code  Gb  stm8l15x_it.o [1]
Signal_DATA_Decode      0x00a98d  0x1d9  Code  Gb  ID_Decode.o [1]
StateReadTimer          0x000636    0x2  Data  Gb  Timer.o [1]
SysClock_Init           0x00bc8e   0x2e  Code  Gb  Initial.o [1]
TEST_MODES0_para        0x008d28    0x5  Data  Gb  ram.o [1]
TIM1_CC_IRQHandler      0x00bfc4    0x1  Code  Gb  stm8l15x_it.o [1]
TIM1_UPD_OVF_TRG_COM_IRQHandler
                        0x00bfc3    0x1  Code  Gb  stm8l15x_it.o [1]
TIM2_CC_USART2_RX_IRQHandler
                        0x00bfc0    0x1  Code  Gb  stm8l15x_it.o [1]
TIM2_UPD_OVF_TRG_BRK_USART2_TX_IRQHandler
                        0x00bfbf    0x1  Code  Gb  stm8l15x_it.o [1]
TIM3_CC_USART3_RX_IRQHandler
                        0x00bfc2    0x1  Code  Gb  stm8l15x_it.o [1]
TIM3_UPD_OVF_TRG_BRK_USART3_TX_IRQHandler
                        0x00bfc1    0x1  Code  Gb  stm8l15x_it.o [1]
TIM4_Init               0x00bf15   0x11  Code  Gb  Timer.o [1]
TIM4_UPD_OVF            0x00b9a4   0x51  Code  Gb  Timer.o [1]
TIM4_UPD_OVF_TRG_IRQHandler
                        0x00be10   0x1b  Code  Gb  stm8l15x_it.o [1]
TRAP_IRQHandler         0x00bfad    0x1  Code  Gb  stm8l15x_it.o [1]
TX_DataLoad             0x00a7d0  0x1bd  Code  Gb  ADF7030_1.o [1]
TestFunV2               0x009bbb  0x5da  Code  Gb  ADF7030_1.o [1]
UART1_INIT              0x00bda2   0x1d  Code  Gb  uart.o [1]
UART1_RX_RXNE           0x00b9f5   0x51  Code  Gb  uart.o [1]
USART1_DR               0x005231    0x1  Data  Gb  uart.o [1]
USART1_RX_TIM5_CC_IRQHandler
                        0x00be2b   0x1b  Code  Gb  stm8l15x_it.o [1]
USART1_TX_TIM5_UPD_OVF_TRG_BRK_IRQHandler
                        0x00bfc6    0x1  Code  Gb  stm8l15x_it.o [1]
VHF_GPIO_INIT           0x00b55a   0x2c  Code  Gb  Initial.o [1]
WAIT_SPI_IDEL           0x00bf7b    0x6  Code  Gb  spi.o [1]
WDT_init                0x00bf04   0x11  Code  Gb  Initial.o [1]
WaitForADF7030_FIXED_DATA
                        0x0095f6   0x18  Code  Gb  ADF7030_1.o [1]
X_COUNT                 0x000488    0x2  Data  Gb  Initial.o [1]
X_ERR                   0x00048a    0x2  Data  Gb  Initial.o [1]
YellowLedFlag           0x00049f    0x1  Data  Gb  Initial.o [1]
_A_CLK_CKDIVR           0x0050c0    0x1  Data  Gb  Initial.o [1]
_A_CLK_ICKCR            0x0050c2    0x1  Data  Gb  Initial.o [1]
_A_CLK_PCKENR1          0x0050c3    0x1  Data  Gb  spi.o [1]
_A_CLK_PCKENR2          0x0050c4    0x1  Data  Gb  Initial.o [1]
_A_CLK_SWCR             0x0050c9    0x1  Data  Gb  Initial.o [1]
_A_EXTI_CR2             0x0050a1    0x1  Data  Gb  Initial.o [1]
_A_EXTI_SR1             0x0050a3    0x1  Data  Gb  ID_Decode.o [1]
_A_FLASH_CR1            0x005050    0x1  Data  Gb  eeprom.o [1]
_A_FLASH_CR2            0x005051    0x1  Data  Gb  eeprom.o [1]
_A_FLASH_IAPSR          0x005054    0x1  Data  Gb  eeprom.o [1]
_A_IWDG_KR              0x0050e0    0x1  Data  Gb  Initial.o [1]
_A_IWDG_PR              0x0050e1    0x1  Data  Gb  Initial.o [1]
_A_PA_CR1               0x005003    0x1  Data  Gb  Initial.o [1]
_A_PA_CR2               0x005004    0x1  Data  Gb  Initial.o [1]
_A_PA_DDR               0x005002    0x1  Data  Gb  Initial.o [1]
_A_PA_IDR               0x005001    0x1  Data  Gb  Initial.o [1]
_A_PA_ODR               0x005000    0x1  Data  Gb  Initial.o [1]
_A_PB_CR1               0x005008    0x1  Data  Gb  spi.o [1]
_A_PB_CR2               0x005009    0x1  Data  Gb  spi.o [1]
_A_PB_DDR               0x005007    0x1  Data  Gb  spi.o [1]
_A_PB_IDR               0x005006    0x1  Data  Gb  main.o [1]
_A_PB_ODR               0x005005    0x1  Data  Gb  spi.o [1]
_A_PC_CR1               0x00500d    0x1  Data  Gb  Initial.o [1]
_A_PC_CR2               0x00500e    0x1  Data  Gb  Initial.o [1]
_A_PC_DDR               0x00500c    0x1  Data  Gb  Initial.o [1]
_A_PC_IDR               0x00500b    0x1  Data  Gb  ID_Decode.o [1]
_A_PC_ODR               0x00500a    0x1  Data  Gb  main.o [1]
_A_PD_CR1               0x005012    0x1  Data  Gb  Initial.o [1]
_A_PD_CR2               0x005013    0x1  Data  Gb  Initial.o [1]
_A_PD_DDR               0x005011    0x1  Data  Gb  Initial.o [1]
_A_PD_IDR               0x005010    0x1  Data  Gb  Initial.o [1]
_A_PD_ODR               0x00500f    0x1  Data  Gb  lcd.o [1]
_A_SPI1_CR1             0x005200    0x1  Data  Gb  spi.o [1]
_A_SPI1_CR2             0x005201    0x1  Data  Gb  spi.o [1]
_A_SPI1_ICR             0x005202    0x1  Data  Gb  spi.o [1]
_A_SPI1_SR              0x005203    0x1  Data  Gb  spi.o [1]
_A_TIM4_ARR             0x0052e9    0x1  Data  Gb  Timer.o [1]
_A_TIM4_CR1             0x0052e0    0x1  Data  Gb  Timer.o [1]
_A_TIM4_IER             0x0052e4    0x1  Data  Gb  Timer.o [1]
_A_TIM4_PSCR            0x0052e8    0x1  Data  Gb  Timer.o [1]
_A_TIM4_SR1             0x0052e5    0x1  Data  Gb  Timer.o [1]
_A_USART1_BRR1          0x005232    0x1  Data  Gb  uart.o [1]
_A_USART1_BRR2          0x005233    0x1  Data  Gb  uart.o [1]
_A_USART1_CR1           0x005234    0x1  Data  Gb  uart.o [1]
_A_USART1_CR2           0x005235    0x1  Data  Gb  uart.o [1]
_A_USART1_CR3           0x005236    0x1  Data  Gb  uart.o [1]
_A_USART1_CR4           0x005237    0x1  Data  Gb  uart.o [1]
_A_USART1_CR5           0x005238    0x1  Data  Gb  uart.o [1]
_LitobSmall             0x00b04f  0x17f  Code  Lc  xprintfsmall.o [4]
_PrintfSmall            0x00a195  0x409  Code  Gb  xprintfsmall.o [4]
_PutcharSmall           0x00bcbc   0x2e  Code  Lc  xprintfsmall.o [4]
_PutcharsSmall          0x00bbdf   0x3b  Code  Lc  xprintfsmall.o [4]
_Randinit               0x0004a6    0x1  Data  Gb  rand.o [4]
_Randseed               0x000638    0x4  Data  Gb  rand.o [4]
_SProut                 0x00bf36    0xe  Code  Gb  xsprout.o [4]
__DebugBreak            0x00bfc8    0x1  Code  Gb  __dbg_break.o [3]
__exit                  0x00be8d   0x16  Code  Gb  __dbg_xxexit.o [3]
__iar_Memchr            0x00be5e   0x18  Code  Gb  memchr.o [4]
__iar_Strchr            0x00beb8   0x15  Code  Gb  strchr.o [4]
__iar_Tls_setup__Randinit
                        0x000480    0x3  Data  Gb  rand.o [4]
__iar_Tls_setup__Randseed
                        0x000483    0x3  Data  Gb  rand.o [4]
__iar_copy_init2        0x00bd3e         Code  Gb  init_small.o [4]
__iar_data_init2        0x00bd66   0x1e  Code  Gb  init.o [4]
__iar_program_start     0x00be76         Code  Gb  cstartup.o [4]
__iar_unhandled_exception
                        0x00bfa8         Code  Gb  unhandled_exception.o [4]
__iar_zero_init2        0x00bd84         Code  Gb  init_small.o [4]
__intvec                0x008000         Data  Gb  interrupt.o [4]
__low_level_init        0x00bfa5    0x3  Code  Gb  low_level_init.o [4]
__time32                0x00be46   0x18  Code  Gb  time.o [4]
_exit                   0x00bf8d         Code  Gb  cexit.o [4]
_interrupt_1            0x00bfad         Code  Gb  stm8l15x_it.o [1]
_interrupt_10           0x00bfb5         Code  Gb  stm8l15x_it.o [1]
_interrupt_11           0x00bfb6         Code  Gb  stm8l15x_it.o [1]
_interrupt_12           0x00bfb7         Code  Gb  stm8l15x_it.o [1]
_interrupt_13           0x00bfb8         Code  Gb  stm8l15x_it.o [1]
_interrupt_14           0x00bdf5         Code  Gb  stm8l15x_it.o [1]
_interrupt_15           0x00bfb9         Code  Gb  stm8l15x_it.o [1]
_interrupt_16           0x00bfba         Code  Gb  stm8l15x_it.o [1]
_interrupt_17           0x00bfbb         Code  Gb  stm8l15x_it.o [1]
_interrupt_18           0x00bfbc         Code  Gb  stm8l15x_it.o [1]
_interrupt_19           0x00bfbd         Code  Gb  stm8l15x_it.o [1]
_interrupt_20           0x00bfbe         Code  Gb  stm8l15x_it.o [1]
_interrupt_21           0x00bfbf         Code  Gb  stm8l15x_it.o [1]
_interrupt_22           0x00bfc0         Code  Gb  stm8l15x_it.o [1]
_interrupt_23           0x00bfc1         Code  Gb  stm8l15x_it.o [1]
_interrupt_24           0x00bfc2         Code  Gb  stm8l15x_it.o [1]
_interrupt_25           0x00bfc3         Code  Gb  stm8l15x_it.o [1]
_interrupt_26           0x00bfc4         Code  Gb  stm8l15x_it.o [1]
_interrupt_27           0x00be10         Code  Gb  stm8l15x_it.o [1]
_interrupt_28           0x00bfc5         Code  Gb  stm8l15x_it.o [1]
_interrupt_29           0x00bfc6         Code  Gb  stm8l15x_it.o [1]
_interrupt_3            0x00bfae         Code  Gb  stm8l15x_it.o [1]
_interrupt_30           0x00be2b         Code  Gb  stm8l15x_it.o [1]
_interrupt_31           0x00bfc7         Code  Gb  stm8l15x_it.o [1]
_interrupt_4            0x00bfaf         Code  Gb  stm8l15x_it.o [1]
_interrupt_5            0x00bfb0         Code  Gb  stm8l15x_it.o [1]
_interrupt_6            0x00bfb1         Code  Gb  stm8l15x_it.o [1]
_interrupt_7            0x00bfb2         Code  Gb  stm8l15x_it.o [1]
_interrupt_8            0x00bfb3         Code  Gb  stm8l15x_it.o [1]
_interrupt_9            0x00bfb4         Code  Gb  stm8l15x_it.o [1]
char_Contro             0x008080  0x2a0  Data  Gb  lcd.o [1]
char_ID_CHECKER         0x0086a4  0x168  Data  Gb  lcd.o [1]
char_Medium             0x00892c  0x118  Data  Gb  lcd.o [1]
char_Small              0x008320  0x1ef  Data  Gb  lcd.o [1]
char_company            0x00880c  0x120  Data  Gb  lcd.o [1]
delay                   0x00bdbf   0x1b  Code  Gb  lcd.o [1]
display_map_58_6        0x008dd1   0x5b  Code  Gb  lcd.o [1]
display_map_xy          0x008d40   0x91  Code  Gb  lcd.o [1]
eeprom_sys_load         0x00ad2a  0x195  Code  Gb  eeprom.o [1]
exit                    0x00bfa1    0x4  Code  Gb  exit.o [4]
lcd_clear               0x00ba46   0x49  Code  Gb  lcd.o [1]
lcd_desplay             0x0091a8  0x382  Code  Gb  lcd.o [1]
lcd_init                0x00b696   0x95  Code  Gb  lcd.o [1]
main                    0x00b586  0x110  Code  Gb  main.o [1]
pad                     0x00bba2   0x3d  Code  Lc  xprintfsmall.o [4]
send_command            0x00bc1a   0x3a  Code  Gb  lcd.o [1]
send_data               0x00bc54   0x3a  Code  Gb  lcd.o [1]
sprintf                 0x00bb1d   0x45  Code  Gb  sprintf.o [4]
srand                   0x00bb62   0x40  Code  Gb  srand.o [4]
strlen                  0x00bee1   0x12  Code  Gb  strlen.o [4]


[1] = D:\MyCloud\Working\ADF7030-1 Program\ADF7030-1 STM8 CCA\Debug\Obj
[2] = command line
[3] = dbgstm8mmd.a
[4] = dlstm8mmn.a

  12 937 bytes of readonly  code memory
   3 392 bytes of readonly  data memory
   1 852 bytes of readwrite data memory (+ 51 absolute)

Errors: none
Warnings: none
